2025-03-14 01:45:47,511 - INFO - Security Audit Pipeline Initialized
2025-03-14 01:45:47,520 - INFO - Initializing security audit with objective: Perform a comprehensive security assessment of google.com. 
    Identify open ports, discover hidden directories, and test for common web vulnerabilities 
    including SQL injection. Ensure all tests are non-intrusive and respect the target scope.
2025-03-14 01:45:51,882 - INFO - Initial task plan created with 4 tasks
2025-03-14 01:45:51,884 - INFO - Executing task: nmap_scan:google.com
2025-03-14 01:45:51,884 - INFO - Executing command for validated target google.com: nmap -sV -oN nmap_google.com.txt google.com
2025-03-14 01:48:02,470 - INFO - Task completed in 130.59s: nmap_scan:google.com, success: True
2025-03-14 01:48:06,421 - INFO - Added 0 follow-up tasks based on results analysis
2025-03-14 01:48:06,423 - INFO - Executing task: gobuster_scan:google.com
2025-03-14 01:48:06,423 - INFO - Executing command for validated target google.com: gobuster dir -u http://google.com -w wordlist.txt -o gobuster_http_google.com.txt
2025-03-14 01:49:40,202 - INFO - Task completed in 93.78s: gobuster_scan:google.com, success: True
2025-03-14 01:49:44,623 - WARNING - Domain google.com/.well-known/security.txt is outside allowed scope ['google.com']
2025-03-14 01:49:44,623 - WARNING - Follow-up task for target google.com/.well-known/security.txt rejected: outside scope ['google.com']
2025-03-14 01:49:44,623 - WARNING - Domain google.com/about is outside allowed scope ['google.com']
2025-03-14 01:49:44,624 - WARNING - Follow-up task for target google.com/about rejected: outside scope ['google.com']
2025-03-14 01:49:44,624 - WARNING - Domain google.com/robots.txt is outside allowed scope ['google.com']
2025-03-14 01:49:44,624 - WARNING - Follow-up task for target google.com/robots.txt rejected: outside scope ['google.com']
2025-03-14 01:49:44,624 - WARNING - Domain google.com/search is outside allowed scope ['google.com']
2025-03-14 01:49:44,624 - WARNING - Follow-up task for target google.com/search rejected: outside scope ['google.com']
2025-03-14 01:49:44,624 - INFO - Task nmap_scan:google.com already executed successfully, skipping
2025-03-14 01:49:44,624 - INFO - Added 0 follow-up tasks based on results analysis
2025-03-14 01:49:44,625 - INFO - Executing task: ffuf_scan:google.com
2025-03-14 01:49:44,625 - INFO - Executing command for validated target google.com: ffuf -u http://google.com/FUZZ -w wordlist.txt -o ffuf_http_google.com.json -of json
2025-03-14 01:50:08,735 - INFO - Task completed in 24.11s: ffuf_scan:google.com, success: True
2025-03-14 01:50:15,151 - WARNING - Domain google.com/.well-known/security.txt is outside allowed scope ['google.com']
2025-03-14 01:50:15,151 - WARNING - Follow-up task for target google.com/.well-known/security.txt rejected: outside scope ['google.com']
2025-03-14 01:50:15,151 - WARNING - Domain google.com/apple-app-site-association is outside allowed scope ['google.com']
2025-03-14 01:50:15,151 - WARNING - Follow-up task for target google.com/apple-app-site-association rejected: outside scope ['google.com']
2025-03-14 01:50:15,151 - WARNING - Domain google.com/partners is outside allowed scope ['google.com']
2025-03-14 01:50:15,151 - WARNING - Follow-up task for target google.com/partners rejected: outside scope ['google.com']
2025-03-14 01:50:15,151 - WARNING - Domain google.com/business is outside allowed scope ['google.com']
2025-03-14 01:50:15,152 - WARNING - Follow-up task for target google.com/business rejected: outside scope ['google.com']
2025-03-14 01:50:15,152 - WARNING - Domain google.com/robots.txt is outside allowed scope ['google.com']
2025-03-14 01:50:15,152 - WARNING - Follow-up task for target google.com/robots.txt rejected: outside scope ['google.com']
2025-03-14 01:50:15,152 - INFO - Added 0 follow-up tasks based on results analysis
2025-03-14 01:50:15,153 - INFO - Executing task: sqlmap_scan:google.com
2025-03-14 01:50:15,154 - INFO - Executing command for validated target google.com: sqlmap -u http://google.com --batch --output-dir=sqlmap_results
2025-03-14 01:50:16,617 - INFO - Task completed in 1.46s: sqlmap_scan:google.com, success: True
2025-03-14 01:50:21,896 - INFO - Task sqlmap_scan:google.com already executed successfully, skipping
2025-03-14 01:50:21,897 - INFO - Task nmap_scan:google.com already executed successfully, skipping
2025-03-14 01:50:21,897 - INFO - Task gobuster_scan:google.com already executed successfully, skipping
2025-03-14 01:50:21,897 - INFO - Added 0 follow-up tasks based on results analysis
2025-03-14 01:50:21,898 - INFO - Generating security report
2025-03-14 01:50:29,268 - INFO - Security report generated and saved to security_report_20250314_015029.md
